// Jest Snapshot v1, https://goo.gl/fbAQLP

exports[`centered snapshot 1`] = `
<div>
  Test case
</div>
`;
